<!DOCTYPE html><html><head><title>testing</title></head><body><p>bar</p></body></html>